Starting batch parse of Genesis, Exodus, and Leviticus...
========================================
Parsing Genesis (創世記) - 50 chapters...
  Chapter 1...
  Chapter 2...
    Warning: Gen 2:16 failed
  Chapter 3...
  Chapter 4...
  Chapter 5...
  Chapter 6...
    Warning: Gen 6:2 failed
    Warning: Gen 6:19 failed
  Chapter 7...
  Chapter 8...
    Warning: Gen 8:8 failed
    Warning: Gen 8:20 failed
  Chapter 9...
    Warning: Gen 9:5 failed
    Warning: Gen 9:19 failed
  Chapter 10...
    Warning: Gen 10:32 failed
  Chapter 11...
    Warning: Gen 11:9 failed
  Chapter 12...
  Chapter 13...
    Warning: Gen 13:14 failed
  Chapter 14...
  Chapter 15...
  Chapter 16...
  Chapter 17...
  Chapter 18...
  Chapter 19...
