==========================================
Starting batch parsing of Genesis
==========================================

Total chapters: 50
Total verses: 1533

Creating output directories...
Directories created.

----------------------------------------
Processing Chapter 1 (31 verses)
----------------------------------------
[1/1533] Parsing Gen 1:1... ✓
[2/1533] Parsing Gen 1:2... ✓
[3/1533] Parsing Gen 1:3... ✓
[4/1533] Parsing Gen 1:4... ✓
[5/1533] Parsing Gen 1:5... ✓
[6/1533] Parsing Gen 1:6... ✓
[7/1533] Parsing Gen 1:7... ✓
[8/1533] Parsing Gen 1:8... ✓
[9/1533] Parsing Gen 1:9... ✓
[10/1533] Parsing Gen 1:10... ✓
[11/1533] Parsing Gen 1:11... ✓
[12/1533] Parsing Gen 1:12... ✓
[13/1533] Parsing Gen 1:13... ✓
[14/1533] Parsing Gen 1:14... ✓
[15/1533] Parsing Gen 1:15... ✓
[16/1533] Parsing Gen 1:16... ✓
[17/1533] Parsing Gen 1:17... ✓
[18/1533] Parsing Gen 1:18... ✓
[19/1533] Parsing Gen 1:19... ✓
[20/1533] Parsing Gen 1:20... ✓
[21/1533] Parsing Gen 1:21... ✓
[22/1533] Parsing Gen 1:22... ✓
[23/1533] Parsing Gen 1:23... ✓
[24/1533] Parsing Gen 1:24... ✓
[25/1533] Parsing Gen 1:25... ✓
[26/1533] Parsing Gen 1:26... ✓
[27/1533] Parsing Gen 1:27... ✓
[28/1533] Parsing Gen 1:28... ✓
[29/1533] Parsing Gen 1:29... ✓
[30/1533] Parsing Gen 1:30... ✓
[31/1533] Parsing Gen 1:31... ✓
Chapter 1 complete.

----------------------------------------
Processing Chapter 2 (25 verses)
----------------------------------------
[32/1533] Parsing Gen 2:1... ✓
[33/1533] Parsing Gen 2:2... ✓
[34/1533] Parsing Gen 2:3... ✓
[35/1533] Parsing Gen 2:4... ✓
[36/1533] Parsing Gen 2:5... ✓
[37/1533] Parsing Gen 2:6... ✓
[38/1533] Parsing Gen 2:7... ✓
[39/1533] Parsing Gen 2:8... ✓
[40/1533] Parsing Gen 2:9... ✓
[41/1533] Parsing Gen 2:10... ✓
[42/1533] Parsing Gen 2:11... ✓
[43/1533] Parsing Gen 2:12... ✓
[44/1533] Parsing Gen 2:13... ✓
[45/1533] Parsing Gen 2:14... ✓
[46/1533] Parsing Gen 2:15... ✓
[47/1533] Parsing Gen 2:16... ✗ FAILED
[48/1533] Parsing Gen 2:17... ✓
[49/1533] Parsing Gen 2:18... ✓
[50/1533] Parsing Gen 2:19... ✓
[51/1533] Parsing Gen 2:20... ✓
[52/1533] Parsing Gen 2:21... ✓
[53/1533] Parsing Gen 2:22... ✓
[54/1533] Parsing Gen 2:23... ✓
[55/1533] Parsing Gen 2:24... ✓
[56/1533] Parsing Gen 2:25... ✓
Chapter 2 complete.

----------------------------------------
Processing Chapter 3 (24 verses)
----------------------------------------
[57/1533] Parsing Gen 3:1... ✓
[58/1533] Parsing Gen 3:2... ✓
[59/1533] Parsing Gen 3:3... ✓
[60/1533] Parsing Gen 3:4... ✓
[61/1533] Parsing Gen 3:5... ✓
[62/1533] Parsing Gen 3:6... ✓
[63/1533] Parsing Gen 3:7... ✓
[64/1533] Parsing Gen 3:8... ✓
[65/1533] Parsing Gen 3:9... ✓
[66/1533] Parsing Gen 3:10... ✓
[67/1533] Parsing Gen 3:11... ✓
[68/1533] Parsing Gen 3:12... ✓
[69/1533] Parsing Gen 3:13... ✓
[70/1533] Parsing Gen 3:14... ✓
[71/1533] Parsing Gen 3:15... ✓
[72/1533] Parsing Gen 3:16... ✓
[73/1533] Parsing Gen 3:17... ✓
[74/1533] Parsing Gen 3:18... ✓
[75/1533] Parsing Gen 3:19... ✓
[76/1533] Parsing Gen 3:20... ✓
[77/1533] Parsing Gen 3:21... ✓
[78/1533] Parsing Gen 3:22... ✓
[79/1533] Parsing Gen 3:23... ✓
[80/1533] Parsing Gen 3:24... ✓
Chapter 3 complete.

----------------------------------------
Processing Chapter 4 (26 verses)
----------------------------------------
[81/1533] Parsing Gen 4:1... ✓
[82/1533] Parsing Gen 4:2... ✓
[83/1533] Parsing Gen 4:3... ✓
[84/1533] Parsing Gen 4:4... ✓
[85/1533] Parsing Gen 4:5... ✓
[86/1533] Parsing Gen 4:6... ✓
[87/1533] Parsing Gen 4:7... ✓
[88/1533] Parsing Gen 4:8... ✓
[89/1533] Parsing Gen 4:9... ✓
[90/1533] Parsing Gen 4:10... ✓
[91/1533] Parsing Gen 4:11... ✓
[92/1533] Parsing Gen 4:12... ✓
[93/1533] Parsing Gen 4:13... ✓
[94/1533] Parsing Gen 4:14... ✓
[95/1533] Parsing Gen 4:15... ✓
[96/1533] Parsing Gen 4:16... ✓
[97/1533] Parsing Gen 4:17... ✓
[98/1533] Parsing Gen 4:18... ✓
[99/1533] Parsing Gen 4:19... ✓
[100/1533] Parsing Gen 4:20... ✓
[101/1533] Parsing Gen 4:21... ✓
[102/1533] Parsing Gen 4:22... ✓
[103/1533] Parsing Gen 4:23... ✓
[104/1533] Parsing Gen 4:24... ✓
[105/1533] Parsing Gen 4:25... ✓
[106/1533] Parsing Gen 4:26... ✓
Chapter 4 complete.

----------------------------------------
Processing Chapter 5 (32 verses)
----------------------------------------
[107/1533] Parsing Gen 5:1... ✓
[108/1533] Parsing Gen 5:2... ✓
[109/1533] Parsing Gen 5:3... ✓
[110/1533] Parsing Gen 5:4... ✓
[111/1533] Parsing Gen 5:5... ✓
[112/1533] Parsing Gen 5:6... ✓
[113/1533] Parsing Gen 5:7... ✓
[114/1533] Parsing Gen 5:8... ✓
[115/1533] Parsing Gen 5:9... ✓
[116/1533] Parsing Gen 5:10... ✓
[117/1533] Parsing Gen 5:11... ✓
[118/1533] Parsing Gen 5:12... ✓
[119/1533] Parsing Gen 5:13... ✓
[120/1533] Parsing Gen 5:14... ✓
[121/1533] Parsing Gen 5:15... ✓
[122/1533] Parsing Gen 5:16... ✓
[123/1533] Parsing Gen 5:17... ✓
[124/1533] Parsing Gen 5:18... ✓
[125/1533] Parsing Gen 5:19... ✓
[126/1533] Parsing Gen 5:20... ✓
[127/1533] Parsing Gen 5:21... ✓
[128/1533] Parsing Gen 5:22... ✓
[129/1533] Parsing Gen 5:23... ✓
[130/1533] Parsing Gen 5:24... ✓
[131/1533] Parsing Gen 5:25... ✓
[132/1533] Parsing Gen 5:26... ✓
[133/1533] Parsing Gen 5:27... ✓
[134/1533] Parsing Gen 5:28... ✓
[135/1533] Parsing Gen 5:29... ✓
[136/1533] Parsing Gen 5:30... ✓
[137/1533] Parsing Gen 5:31... ✓
[138/1533] Parsing Gen 5:32... ✓
Chapter 5 complete.

----------------------------------------
Processing Chapter 6 (22 verses)
----------------------------------------
[139/1533] Parsing Gen 6:1... ✓
[140/1533] Parsing Gen 6:2... ✗ FAILED
[141/1533] Parsing Gen 6:3... ✓
[142/1533] Parsing Gen 6:4... ✓
[143/1533] Parsing Gen 6:5... ✓
[144/1533] Parsing Gen 6:6... ✓
[145/1533] Parsing Gen 6:7... ✓
[146/1533] Parsing Gen 6:8... ✓
[147/1533] Parsing Gen 6:9... ✓
[148/1533] Parsing Gen 6:10... ✓
[149/1533] Parsing Gen 6:11... ✓
[150/1533] Parsing Gen 6:12... ✓
[151/1533] Parsing Gen 6:13... ✓
[152/1533] Parsing Gen 6:14... ✓
[153/1533] Parsing Gen 6:15... ✓
[154/1533] Parsing Gen 6:16... ✓
[155/1533] Parsing Gen 6:17... ✓
[156/1533] Parsing Gen 6:18... ✓
[157/1533] Parsing Gen 6:19... ✗ FAILED
[158/1533] Parsing Gen 6:20... ✓
[159/1533] Parsing Gen 6:21... ✓
[160/1533] Parsing Gen 6:22... ✓
Chapter 6 complete.

----------------------------------------
Processing Chapter 7 (24 verses)
----------------------------------------
[161/1533] Parsing Gen 7:1... ✓
[162/1533] Parsing Gen 7:2... ✓
[163/1533] Parsing Gen 7:3... ✓
[164/1533] Parsing Gen 7:4... ✓
[165/1533] Parsing Gen 7:5... ✓
[166/1533] Parsing Gen 7:6... ✓
[167/1533] Parsing Gen 7:7... ✓
[168/1533] Parsing Gen 7:8... ✓
[169/1533] Parsing Gen 7:9... ✓
[170/1533] Parsing Gen 7:10... ✓
[171/1533] Parsing Gen 7:11... ✓
[172/1533] Parsing Gen 7:12... ✓
[173/1533] Parsing Gen 7:13... ✓
[174/1533] Parsing Gen 7:14... ✓
[175/1533] Parsing Gen 7:15... ✓
[176/1533] Parsing Gen 7:16... ✓
[177/1533] Parsing Gen 7:17... ✓
[178/1533] Parsing Gen 7:18... ✓
[179/1533] Parsing Gen 7:19... ✓
[180/1533] Parsing Gen 7:20... ✓
[181/1533] Parsing Gen 7:21... ✓
[182/1533] Parsing Gen 7:22... ✓
[183/1533] Parsing Gen 7:23... ✓
[184/1533] Parsing Gen 7:24... ✓
Chapter 7 complete.

----------------------------------------
Processing Chapter 8 (22 verses)
----------------------------------------
[185/1533] Parsing Gen 8:1... ✓
[186/1533] Parsing Gen 8:2... ✓
[187/1533] Parsing Gen 8:3... ✓
[188/1533] Parsing Gen 8:4... ✓
[189/1533] Parsing Gen 8:5... ✓
[190/1533] Parsing Gen 8:6... ✓
[191/1533] Parsing Gen 8:7... ✓
[192/1533] Parsing Gen 8:8... ✗ FAILED
[193/1533] Parsing Gen 8:9... ✓
[194/1533] Parsing Gen 8:10... ✓
[195/1533] Parsing Gen 8:11... ✓
[196/1533] Parsing Gen 8:12... ✓
[197/1533] Parsing Gen 8:13... ✓
[198/1533] Parsing Gen 8:14... ✓
[199/1533] Parsing Gen 8:15... ✓
[200/1533] Parsing Gen 8:16... ✓
[201/1533] Parsing Gen 8:17... ✓
[202/1533] Parsing Gen 8:18... ✓
[203/1533] Parsing Gen 8:19... ✓
[204/1533] Parsing Gen 8:20... ✗ FAILED
[205/1533] Parsing Gen 8:21... ✓
[206/1533] Parsing Gen 8:22... ✓
Chapter 8 complete.

----------------------------------------
Processing Chapter 9 (29 verses)
----------------------------------------
[207/1533] Parsing Gen 9:1... ✓
[208/1533] Parsing Gen 9:2... ✓
[209/1533] Parsing Gen 9:3... ✓
[210/1533] Parsing Gen 9:4... ✓
[211/1533] Parsing Gen 9:5... ✗ FAILED
[212/1533] Parsing Gen 9:6... ✓
[213/1533] Parsing Gen 9:7... ✓
[214/1533] Parsing Gen 9:8... ✓
[215/1533] Parsing Gen 9:9... ✓
[216/1533] Parsing Gen 9:10... ✓
[217/1533] Parsing Gen 9:11... ✓
[218/1533] Parsing Gen 9:12... ✓
[219/1533] Parsing Gen 9:13... ✓
[220/1533] Parsing Gen 9:14... ✓
[221/1533] Parsing Gen 9:15... ✓
[222/1533] Parsing Gen 9:16... ✓
[223/1533] Parsing Gen 9:17... ✓
[224/1533] Parsing Gen 9:18... ✓
[225/1533] Parsing Gen 9:19... ✗ FAILED
[226/1533] Parsing Gen 9:20... ✓
[227/1533] Parsing Gen 9:21... ✓
[228/1533] Parsing Gen 9:22... ✓
[229/1533] Parsing Gen 9:23... ✓
[230/1533] Parsing Gen 9:24... ✓
[231/1533] Parsing Gen 9:25... ✓
[232/1533] Parsing Gen 9:26... ✓
[233/1533] Parsing Gen 9:27... ✓
[234/1533] Parsing Gen 9:28... ✓
[235/1533] Parsing Gen 9:29... ✓
Chapter 9 complete.

----------------------------------------
Processing Chapter 10 (32 verses)
----------------------------------------
[236/1533] Parsing Gen 10:1... ✓
[237/1533] Parsing Gen 10:2... ✓
[238/1533] Parsing Gen 10:3... ✓
[239/1533] Parsing Gen 10:4... ✓
[240/1533] Parsing Gen 10:5... ✓
[241/1533] Parsing Gen 10:6... ✓
[242/1533] Parsing Gen 10:7... ✓
[243/1533] Parsing Gen 10:8... ✓
[244/1533] Parsing Gen 10:9... ✓
[245/1533] Parsing Gen 10:10... ✓
[246/1533] Parsing Gen 10:11... ✓
[247/1533] Parsing Gen 10:12... ✓
[248/1533] Parsing Gen 10:13... ✓
[249/1533] Parsing Gen 10:14... ✓
[250/1533] Parsing Gen 10:15... ✓
[251/1533] Parsing Gen 10:16... ✓
[252/1533] Parsing Gen 10:17... ✓
[253/1533] Parsing Gen 10:18... ✓
[254/1533] Parsing Gen 10:19... ✓
[255/1533] Parsing Gen 10:20... ✓
[256/1533] Parsing Gen 10:21... ✓
[257/1533] Parsing Gen 10:22... ✓
[258/1533] Parsing Gen 10:23... ✓
[259/1533] Parsing Gen 10:24... ✓
[260/1533] Parsing Gen 10:25... ✓
[261/1533] Parsing Gen 10:26... ✓
[262/1533] Parsing Gen 10:27... ✓
[263/1533] Parsing Gen 10:28... ✓
[264/1533] Parsing Gen 10:29... ✓
[265/1533] Parsing Gen 10:30... ✓
[266/1533] Parsing Gen 10:31... ✓
[267/1533] Parsing Gen 10:32... ✗ FAILED
Chapter 10 complete.

----------------------------------------
Processing Chapter 11 (32 verses)
----------------------------------------
[268/1533] Parsing Gen 11:1... ✓
[269/1533] Parsing Gen 11:2... ✓
[270/1533] Parsing Gen 11:3... ✓
[271/1533] Parsing Gen 11:4... ✓
[272/1533] Parsing Gen 11:5... ✓
[273/1533] Parsing Gen 11:6... ✓
[274/1533] Parsing Gen 11:7... ✓
[275/1533] Parsing Gen 11:8... ✓
[276/1533] Parsing Gen 11:9... ✗ FAILED
[277/1533] Parsing Gen 11:10... ✓
[278/1533] Parsing Gen 11:11... ✓
[279/1533] Parsing Gen 11:12... ✓
[280/1533] Parsing Gen 11:13... ✓
[281/1533] Parsing Gen 11:14... ✓
[282/1533] Parsing Gen 11:15... ✓
[283/1533] Parsing Gen 11:16... ✓
[284/1533] Parsing Gen 11:17... ✓
[285/1533] Parsing Gen 11:18... ✓
[286/1533] Parsing Gen 11:19... ✓
[287/1533] Parsing Gen 11:20... ✓
[288/1533] Parsing Gen 11:21... ✓
[289/1533] Parsing Gen 11:22... ✓
[290/1533] Parsing Gen 11:23... ✓
[291/1533] Parsing Gen 11:24... ✓
[292/1533] Parsing Gen 11:25... ✓
[293/1533] Parsing Gen 11:26... ✓
[294/1533] Parsing Gen 11:27... ✓
[295/1533] Parsing Gen 11:28... ✓
[296/1533] Parsing Gen 11:29... ✓
[297/1533] Parsing Gen 11:30... ✓
[298/1533] Parsing Gen 11:31... ✓
[299/1533] Parsing Gen 11:32... ✓
Chapter 11 complete.

----------------------------------------
Processing Chapter 12 (20 verses)
----------------------------------------
[300/1533] Parsing Gen 12:1... ✓
[301/1533] Parsing Gen 12:2... ✓
[302/1533] Parsing Gen 12:3... ✓
[303/1533] Parsing Gen 12:4... ✓
[304/1533] Parsing Gen 12:5... ✓
[305/1533] Parsing Gen 12:6... ✓
[306/1533] Parsing Gen 12:7... ✓
[307/1533] Parsing Gen 12:8... ✓
[308/1533] Parsing Gen 12:9... ✓
[309/1533] Parsing Gen 12:10... ✓
[310/1533] Parsing Gen 12:11... ✓
[311/1533] Parsing Gen 12:12... ✓
[312/1533] Parsing Gen 12:13... ✓
[313/1533] Parsing Gen 12:14... ✓
[314/1533] Parsing Gen 12:15... ✓
[315/1533] Parsing Gen 12:16... ✓
[316/1533] Parsing Gen 12:17... ✓
[317/1533] Parsing Gen 12:18... ✓
[318/1533] Parsing Gen 12:19... ✓
[319/1533] Parsing Gen 12:20... ✓
Chapter 12 complete.

----------------------------------------
Processing Chapter 13 (18 verses)
----------------------------------------
[320/1533] Parsing Gen 13:1... ✓
[321/1533] Parsing Gen 13:2... ✓
[322/1533] Parsing Gen 13:3... ✓
[323/1533] Parsing Gen 13:4... ✓
[324/1533] Parsing Gen 13:5... ✓
[325/1533] Parsing Gen 13:6... ✓
[326/1533] Parsing Gen 13:7... ✓
[327/1533] Parsing Gen 13:8... ✓
[328/1533] Parsing Gen 13:9... ✓
[329/1533] Parsing Gen 13:10... ✓
[330/1533] Parsing Gen 13:11... ✓
[331/1533] Parsing Gen 13:12... ✓
[332/1533] Parsing Gen 13:13... ✓
[333/1533] Parsing Gen 13:14... ✗ FAILED
[334/1533] Parsing Gen 13:15... ✓
[335/1533] Parsing Gen 13:16... ✓
[336/1533] Parsing Gen 13:17... ✓
[337/1533] Parsing Gen 13:18... ✓
Chapter 13 complete.

----------------------------------------
Processing Chapter 14 (24 verses)
----------------------------------------
[338/1533] Parsing Gen 14:1... ✓
[339/1533] Parsing Gen 14:2... ✓
[340/1533] Parsing Gen 14:3... ✓
[341/1533] Parsing Gen 14:4... ✓
[342/1533] Parsing Gen 14:5... ✓
[343/1533] Parsing Gen 14:6... ✓
[344/1533] Parsing Gen 14:7... ✓
[345/1533] Parsing Gen 14:8... ✓
[346/1533] Parsing Gen 14:9... ✓
[347/1533] Parsing Gen 14:10... ✓
[348/1533] Parsing Gen 14:11... ✓
[349/1533] Parsing Gen 14:12... ✓
[350/1533] Parsing Gen 14:13... ✓
[351/1533] Parsing Gen 14:14... ✓
[352/1533] Parsing Gen 14:15... ✓
[353/1533] Parsing Gen 14:16... ✓
[354/1533] Parsing Gen 14:17... ✓
[355/1533] Parsing Gen 14:18... ✓
[356/1533] Parsing Gen 14:19... ✓
[357/1533] Parsing Gen 14:20... ✓
[358/1533] Parsing Gen 14:21... ✓
[359/1533] Parsing Gen 14:22... ✓
[360/1533] Parsing Gen 14:23... ✓
[361/1533] Parsing Gen 14:24... ✓
Chapter 14 complete.

----------------------------------------
Processing Chapter 15 (21 verses)
----------------------------------------
[362/1533] Parsing Gen 15:1... ✓
[363/1533] Parsing Gen 15:2... ✓
[364/1533] Parsing Gen 15:3... ✓
[365/1533] Parsing Gen 15:4... ✓
[366/1533] Parsing Gen 15:5... ✓
[367/1533] Parsing Gen 15:6... ✓
[368/1533] Parsing Gen 15:7... ✓
[369/1533] Parsing Gen 15:8... ✓
[370/1533] Parsing Gen 15:9... ✓
[371/1533] Parsing Gen 15:10... ✓
[372/1533] Parsing Gen 15:11... ✓
[373/1533] Parsing Gen 15:12... ✓
[374/1533] Parsing Gen 15:13... ✓
[375/1533] Parsing Gen 15:14... ✓
[376/1533] Parsing Gen 15:15... ✓
[377/1533] Parsing Gen 15:16... ✓
[378/1533] Parsing Gen 15:17... ✓
[379/1533] Parsing Gen 15:18... ✓
[380/1533] Parsing Gen 15:19... ✓
[381/1533] Parsing Gen 15:20... ✓
[382/1533] Parsing Gen 15:21... ✓
Chapter 15 complete.

----------------------------------------
Processing Chapter 16 (16 verses)
----------------------------------------
[383/1533] Parsing Gen 16:1... ✓
[384/1533] Parsing Gen 16:2... ✓
[385/1533] Parsing Gen 16:3... ✓
[386/1533] Parsing Gen 16:4... ✓
[387/1533] Parsing Gen 16:5... ✓
[388/1533] Parsing Gen 16:6... ✓
[389/1533] Parsing Gen 16:7... ✓
[390/1533] Parsing Gen 16:8... ✓
[391/1533] Parsing Gen 16:9... ✓
[392/1533] Parsing Gen 16:10... ✓
[393/1533] Parsing Gen 16:11... ✓
[394/1533] Parsing Gen 16:12... ✓
[395/1533] Parsing Gen 16:13... ✓
[396/1533] Parsing Gen 16:14... ✓
[397/1533] Parsing Gen 16:15... ✓
[398/1533] Parsing Gen 16:16... ✓
Chapter 16 complete.

----------------------------------------
Processing Chapter 17 (27 verses)
----------------------------------------
[399/1533] Parsing Gen 17:1... ✓
[400/1533] Parsing Gen 17:2... ✓
[401/1533] Parsing Gen 17:3... ✓
[402/1533] Parsing Gen 17:4... ✓
[403/1533] Parsing Gen 17:5... ✓
[404/1533] Parsing Gen 17:6... ✓
[405/1533] Parsing Gen 17:7... ✓
[406/1533] Parsing Gen 17:8... ✓
[407/1533] Parsing Gen 17:9... ✓
[408/1533] Parsing Gen 17:10... ✓
[409/1533] Parsing Gen 17:11... ✓
[410/1533] Parsing Gen 17:12... ✓
[411/1533] Parsing Gen 17:13... ✓
[412/1533] Parsing Gen 17:14... ✓
[413/1533] Parsing Gen 17:15... ✓
[414/1533] Parsing Gen 17:16... ✓
[415/1533] Parsing Gen 17:17... ✓
[416/1533] Parsing Gen 17:18... ✓
[417/1533] Parsing Gen 17:19... ✓
[418/1533] Parsing Gen 17:20... ✓
[419/1533] Parsing Gen 17:21... ✓
[420/1533] Parsing Gen 17:22... ✓
[421/1533] Parsing Gen 17:23... ✓
[422/1533] Parsing Gen 17:24... ✓
[423/1533] Parsing Gen 17:25... ✓
[424/1533] Parsing Gen 17:26... ✓
[425/1533] Parsing Gen 17:27... ✓
Chapter 17 complete.

----------------------------------------
Processing Chapter 18 (33 verses)
----------------------------------------
[426/1533] Parsing Gen 18:1... ✓
[427/1533] Parsing Gen 18:2... ✓
[428/1533] Parsing Gen 18:3... ✓
[429/1533] Parsing Gen 18:4... ✓
[430/1533] Parsing Gen 18:5... ✓
[431/1533] Parsing Gen 18:6... ✓
[432/1533] Parsing Gen 18:7... ✓
[433/1533] Parsing Gen 18:8... ✓
[434/1533] Parsing Gen 18:9... ✓
[435/1533] Parsing Gen 18:10... ✓
[436/1533] Parsing Gen 18:11... ✓
[437/1533] Parsing Gen 18:12... ✓
[438/1533] Parsing Gen 18:13... ✓
[439/1533] Parsing Gen 18:14... ✓
[440/1533] Parsing Gen 18:15... ✓
[441/1533] Parsing Gen 18:16... ✓
[442/1533] Parsing Gen 18:17... ✓
[443/1533] Parsing Gen 18:18... ✓
[444/1533] Parsing Gen 18:19... ✓
[445/1533] Parsing Gen 18:20... ✓
[446/1533] Parsing Gen 18:21... ✓
[447/1533] Parsing Gen 18:22... ✓
[448/1533] Parsing Gen 18:23... ✓
[449/1533] Parsing Gen 18:24... ✓
[450/1533] Parsing Gen 18:25... ✓
[451/1533] Parsing Gen 18:26... ✓
[452/1533] Parsing Gen 18:27... ✓
[453/1533] Parsing Gen 18:28... ✓
[454/1533] Parsing Gen 18:29... ✓
[455/1533] Parsing Gen 18:30... ✓
[456/1533] Parsing Gen 18:31... ✓
[457/1533] Parsing Gen 18:32... ✓
[458/1533] Parsing Gen 18:33... ✓
Chapter 18 complete.

----------------------------------------
Processing Chapter 19 (38 verses)
----------------------------------------
[459/1533] Parsing Gen 19:1... ✓
[460/1533] Parsing Gen 19:2... ✓
[461/1533] Parsing Gen 19:3... ✓
[462/1533] Parsing Gen 19:4... ✓
[463/1533] Parsing Gen 19:5... ✓
[464/1533] Parsing Gen 19:6... ✓
[465/1533] Parsing Gen 19:7... ✓
[466/1533] Parsing Gen 19:8... ✓
[467/1533] Parsing Gen 19:9... ✓
[468/1533] Parsing Gen 19:10... ✓
[469/1533] Parsing Gen 19:11... ✗ FAILED
[470/1533] Parsing Gen 19:12... ✓
[471/1533] Parsing Gen 19:13... ✓
[472/1533] Parsing Gen 19:14... ✓
[473/1533] Parsing Gen 19:15... ✓
[474/1533] Parsing Gen 19:16... ✓
[475/1533] Parsing Gen 19:17... ✓
[476/1533] Parsing Gen 19:18... ✓
[477/1533] Parsing Gen 19:19... ✓
[478/1533] Parsing Gen 19:20... ✓
[479/1533] Parsing Gen 19:21... ✓
[480/1533] Parsing Gen 19:22... ✓
[481/1533] Parsing Gen 19:23... ✓
[482/1533] Parsing Gen 19:24... ✓
[483/1533] Parsing Gen 19:25... ✓
[484/1533] Parsing Gen 19:26... ✓
[485/1533] Parsing Gen 19:27... ✓
[486/1533] Parsing Gen 19:28... ✓
[487/1533] Parsing Gen 19:29... ✓
[488/1533] Parsing Gen 19:30... ✓
[489/1533] Parsing Gen 19:31... ✓
[490/1533] Parsing Gen 19:32... ✓
[491/1533] Parsing Gen 19:33... ✓
[492/1533] Parsing Gen 19:34... ✓
[493/1533] Parsing Gen 19:35... ✓
[494/1533] Parsing Gen 19:36... ✓
[495/1533] Parsing Gen 19:37... ✓
[496/1533] Parsing Gen 19:38... ✓
Chapter 19 complete.

----------------------------------------
Processing Chapter 20 (18 verses)
----------------------------------------
[497/1533] Parsing Gen 20:1... ✓
[498/1533] Parsing Gen 20:2... ✓
[499/1533] Parsing Gen 20:3... ✓
[500/1533] Parsing Gen 20:4... ✓
[501/1533] Parsing Gen 20:5... ✓
[502/1533] Parsing Gen 20:6... ✓
[503/1533] Parsing Gen 20:7... ✓
[504/1533] Parsing Gen 20:8... ✓
[505/1533] Parsing Gen 20:9... ✓
[506/1533] Parsing Gen 20:10... ✓
[507/1533] Parsing Gen 20:11... ✓
[508/1533] Parsing Gen 20:12... ✓
[509/1533] Parsing Gen 20:13... ✓
[510/1533] Parsing Gen 20:14... ✓
[511/1533] Parsing Gen 20:15... ✓
[512/1533] Parsing Gen 20:16... ✓
[513/1533] Parsing Gen 20:17... ✓
[514/1533] Parsing Gen 20:18... ✓
Chapter 20 complete.

----------------------------------------
Processing Chapter 21 (34 verses)
----------------------------------------
[515/1533] Parsing Gen 21:1... ✓
[516/1533] Parsing Gen 21:2... ✓
[517/1533] Parsing Gen 21:3... ✓
[518/1533] Parsing Gen 21:4... ✓
[519/1533] Parsing Gen 21:5... ✓
[520/1533] Parsing Gen 21:6... ✓
[521/1533] Parsing Gen 21:7... ✓
[522/1533] Parsing Gen 21:8... ✓
[523/1533] Parsing Gen 21:9... ✓
[524/1533] Parsing Gen 21:10... ✓
[525/1533] Parsing Gen 21:11... ✓
[526/1533] Parsing Gen 21:12... ✓
[527/1533] Parsing Gen 21:13... ✓
[528/1533] Parsing Gen 21:14... ✓
[529/1533] Parsing Gen 21:15... ✓
[530/1533] Parsing Gen 21:16... ✓
[531/1533] Parsing Gen 21:17... ✓
[532/1533] Parsing Gen 21:18... ✓
[533/1533] Parsing Gen 21:19... ✓
[534/1533] Parsing Gen 21:20... ✓
[535/1533] Parsing Gen 21:21... ✓
[536/1533] Parsing Gen 21:22... ✓
[537/1533] Parsing Gen 21:23... ✓
[538/1533] Parsing Gen 21:24... ✓
[539/1533] Parsing Gen 21:25... ✓
[540/1533] Parsing Gen 21:26... ✓
[541/1533] Parsing Gen 21:27... ✓
[542/1533] Parsing Gen 21:28... ✓
[543/1533] Parsing Gen 21:29... ✓
[544/1533] Parsing Gen 21:30... ✓
[545/1533] Parsing Gen 21:31... ✓
[546/1533] Parsing Gen 21:32... ✓
[547/1533] Parsing Gen 21:33... ✓
[548/1533] Parsing Gen 21:34... ✓
Chapter 21 complete.

----------------------------------------
Processing Chapter 22 (24 verses)
----------------------------------------
[549/1533] Parsing Gen 22:1... ✓
[550/1533] Parsing Gen 22:2... ✓
[551/1533] Parsing Gen 22:3... ✓
[552/1533] Parsing Gen 22:4... ✓
[553/1533] Parsing Gen 22:5... ✓
[554/1533] Parsing Gen 22:6... ✓
[555/1533] Parsing Gen 22:7... ✓
[556/1533] Parsing Gen 22:8... ✓
[557/1533] Parsing Gen 22:9... ✓
[558/1533] Parsing Gen 22:10... ✓
[559/1533] Parsing Gen 22:11... ✓
[560/1533] Parsing Gen 22:12... ✓
[561/1533] Parsing Gen 22:13... ✓
[562/1533] Parsing Gen 22:14... ✓
[563/1533] Parsing Gen 22:15... ✓
[564/1533] Parsing Gen 22:16... ✓
[565/1533] Parsing Gen 22:17... ✓
[566/1533] Parsing Gen 22:18... ✓
[567/1533] Parsing Gen 22:19... ✓
[568/1533] Parsing Gen 22:20... ✓
[569/1533] Parsing Gen 22:21... ✓
[570/1533] Parsing Gen 22:22... ✓
[571/1533] Parsing Gen 22:23... ✓
[572/1533] Parsing Gen 22:24... ✓
Chapter 22 complete.

----------------------------------------
Processing Chapter 23 (20 verses)
----------------------------------------
[573/1533] Parsing Gen 23:1... ✓
[574/1533] Parsing Gen 23:2... ✓
[575/1533] Parsing Gen 23:3... ✓
[576/1533] Parsing Gen 23:4... ✓
[577/1533] Parsing Gen 23:5... ✓
[578/1533] Parsing Gen 23:6... ✗ FAILED
[579/1533] Parsing Gen 23:7... ✓
[580/1533] Parsing Gen 23:8... ✗ FAILED
[581/1533] Parsing Gen 23:9... ✓
[582/1533] Parsing Gen 23:10... ✓
[583/1533] Parsing Gen 23:11... ✓
[584/1533] Parsing Gen 23:12... ✓
[585/1533] Parsing Gen 23:13... ✓
[586/1533] Parsing Gen 23:14... ✓
[587/1533] Parsing Gen 23:15... ✓
[588/1533] Parsing Gen 23:16... ✓
[589/1533] Parsing Gen 23:17... ✓
[590/1533] Parsing Gen 23:18... ✓
[591/1533] Parsing Gen 23:19... ✓
[592/1533] Parsing Gen 23:20... ✓
Chapter 23 complete.

----------------------------------------
Processing Chapter 24 (67 verses)
----------------------------------------
[593/1533] Parsing Gen 24:1... ✓
[594/1533] Parsing Gen 24:2... ✓
[595/1533] Parsing Gen 24:3... ✓
[596/1533] Parsing Gen 24:4... ✓
[597/1533] Parsing Gen 24:5... ✓
[598/1533] Parsing Gen 24:6... ✓
[599/1533] Parsing Gen 24:7... ✓
[600/1533] Parsing Gen 24:8... ✓
[601/1533] Parsing Gen 24:9... ✓
[602/1533] Parsing Gen 24:10... ✓
[603/1533] Parsing Gen 24:11... ✓
[604/1533] Parsing Gen 24:12... ✓
[605/1533] Parsing Gen 24:13... ✓
[606/1533] Parsing Gen 24:14... ✓
[607/1533] Parsing Gen 24:15... ✓
[608/1533] Parsing Gen 24:16... ✓
[609/1533] Parsing Gen 24:17... ✓
[610/1533] Parsing Gen 24:18... ✓
[611/1533] Parsing Gen 24:19... ✓
[612/1533] Parsing Gen 24:20... ✓
[613/1533] Parsing Gen 24:21... ✓
[614/1533] Parsing Gen 24:22... ✓
[615/1533] Parsing Gen 24:23... ✓
[616/1533] Parsing Gen 24:24... ✓
[617/1533] Parsing Gen 24:25... ✓
[618/1533] Parsing Gen 24:26... ✓
[619/1533] Parsing Gen 24:27... ✓
[620/1533] Parsing Gen 24:28... ✓
[621/1533] Parsing Gen 24:29... ✓
[622/1533] Parsing Gen 24:30... ✓
[623/1533] Parsing Gen 24:31... ✓
[624/1533] Parsing Gen 24:32... ✓
[625/1533] Parsing Gen 24:33... ✓
[626/1533] Parsing Gen 24:34... ✓
[627/1533] Parsing Gen 24:35... ✓
[628/1533] Parsing Gen 24:36... ✓
[629/1533] Parsing Gen 24:37... ✓
[630/1533] Parsing Gen 24:38... ✓
[631/1533] Parsing Gen 24:39... ✓
[632/1533] Parsing Gen 24:40... ✓
[633/1533] Parsing Gen 24:41... ✗ FAILED
[634/1533] Parsing Gen 24:42... ✓
[635/1533] Parsing Gen 24:43... ✓
[636/1533] Parsing Gen 24:44... ✓
[637/1533] Parsing Gen 24:45... ✓
[638/1533] Parsing Gen 24:46... ✓
[639/1533] Parsing Gen 24:47... ✓
[640/1533] Parsing Gen 24:48... ✓
[641/1533] Parsing Gen 24:49... ✓
[642/1533] Parsing Gen 24:50... ✓
[643/1533] Parsing Gen 24:51... ✓
[644/1533] Parsing Gen 24:52... ✓
[645/1533] Parsing Gen 24:53... ✓
[646/1533] Parsing Gen 24:54... ✓
[647/1533] Parsing Gen 24:55... ✓
[648/1533] Parsing Gen 24:56... ✓
[649/1533] Parsing Gen 24:57... ✓
[650/1533] Parsing Gen 24:58... ✓
[651/1533] Parsing Gen 24:59... ✓
[652/1533] Parsing Gen 24:60... ✓
[653/1533] Parsing Gen 24:61... ✓
[654/1533] Parsing Gen 24:62... ✓
[655/1533] Parsing Gen 24:63... ✓
[656/1533] Parsing Gen 24:64... ✓
[657/1533] Parsing Gen 24:65... ✓
[658/1533] Parsing Gen 24:66... ✓
[659/1533] Parsing Gen 24:67... ✓
Chapter 24 complete.

----------------------------------------
Processing Chapter 25 (34 verses)
----------------------------------------
[660/1533] Parsing Gen 25:1... ✓
[661/1533] Parsing Gen 25:2... ✓
[662/1533] Parsing Gen 25:3... ✓
[663/1533] Parsing Gen 25:4... ✓
[664/1533] Parsing Gen 25:5... ✓
[665/1533] Parsing Gen 25:6... ✓
[666/1533] Parsing Gen 25:7... ✓
[667/1533] Parsing Gen 25:8... ✓
[668/1533] Parsing Gen 25:9... ✓
[669/1533] Parsing Gen 25:10... ✓
[670/1533] Parsing Gen 25:11... ✓
[671/1533] Parsing Gen 25:12... ✓
[672/1533] Parsing Gen 25:13... ✓
[673/1533] Parsing Gen 25:14... ✓
[674/1533] Parsing Gen 25:15... ✓
[675/1533] Parsing Gen 25:16... ✓
[676/1533] Parsing Gen 25:17... ✓
[677/1533] Parsing Gen 25:18... ✓
[678/1533] Parsing Gen 25:19... ✓
[679/1533] Parsing Gen 25:20... ✓
[680/1533] Parsing Gen 25:21... ✓
[681/1533] Parsing Gen 25:22... ✓
[682/1533] Parsing Gen 25:23... ✓
[683/1533] Parsing Gen 25:24... ✓
[684/1533] Parsing Gen 25:25... ✓
[685/1533] Parsing Gen 25:26... ✓
[686/1533] Parsing Gen 25:27... ✓
[687/1533] Parsing Gen 25:28... ✓
[688/1533] Parsing Gen 25:29... ✓
[689/1533] Parsing Gen 25:30... ✓
[690/1533] Parsing Gen 25:31... ✓
[691/1533] Parsing Gen 25:32... ✓
[692/1533] Parsing Gen 25:33... ✓
[693/1533] Parsing Gen 25:34... ✓
Chapter 25 complete.

----------------------------------------
Processing Chapter 26 (35 verses)
----------------------------------------
[694/1533] Parsing Gen 26:1... ✓
[695/1533] Parsing Gen 26:2... ✓
[696/1533] Parsing Gen 26:3... ✓
[697/1533] Parsing Gen 26:4... ✓
[698/1533] Parsing Gen 26:5... ✓
[699/1533] Parsing Gen 26:6... ✓
[700/1533] Parsing Gen 26:7... ✓
[701/1533] Parsing Gen 26:8... ✓
[702/1533] Parsing Gen 26:9... ✓
[703/1533] Parsing Gen 26:10... ✓
[704/1533] Parsing Gen 26:11... ✓
