  swept 01 創 (ok)
  swept 02 出 (ok)
  swept 03 利 (ok)
  swept 04 民 (ok)
  swept 05 申 (ok)
  swept 06 書 (ok)
  swept 07 士 (ok)
  swept 08 得 (ok)
  swept 09 撒上 (ok)
  swept 10 撒下 (ok)
  swept 11 王上 (ok)
  swept 12 王下 (ok)
  swept 13 代上 (ok)
  swept 14 代下 (ok)
  swept 15 拉 (ok)
  swept 16 尼 (ok)
  swept 17 斯 (ok)
  swept 18 伯 (ok)
  swept 19 詩 (ok)
  swept 20 箴 (ok)
  swept 21 傳 (ok)
  swept 22 歌 (ok)
  swept 23 賽 (ok)
  swept 24 耶 (ok)
  swept 25 哀 (ok)
  swept 26 結 (ok)
  swept 27 但 (ok)
  swept 28 何 (ok)
  swept 29 珥 (ok)
  swept 30 摩 (ok)
  swept 31 俄 (ok)
  swept 32 拿 (ok)
  swept 33 彌 (ok)
  swept 34 鴻 (ok)
  swept 35 哈 (ok)
  swept 36 番 (ok)
  swept 37 該 (ok)
  swept 38 亞 (ok)
  swept 39 瑪 (ok)

============================================================
  MORPH BRIDGE LEARNED
============================================================
  form_keys: 115   verbs aligned: 62750
  books covered: 39   no-data: —
  keys with a minority tail: 71 (majority-vote resolves; low purity = check)
    vHv -> 8717  purity=0.500 (n=2)  {8717: 1, 8713: 1}  <-- LOW
    vaP -> 8764  purity=0.500 (n=2)  {8764: 1, 8796: 1}  <-- LOW
    vfP -> 8784  purity=0.500 (n=2)  {8784: 1, 8775: 1}  <-- LOW
    vfi -> 8787  purity=0.500 (n=2)  {8787: 1, 8783: 1}  <-- LOW
    vlP -> 8775  purity=0.500 (n=2)  {8775: 1, 8781: 1}  <-- LOW
    vyp -> 8707  purity=0.500 (n=4)  {8712: 1, 8707: 2, 8703: 1}  <-- LOW
    vyw -> 8709  purity=0.500 (n=6)  {8704: 2, 8709: 3, 8691: 1}  <-- LOW
    vyP -> 8706  purity=0.571 (n=7)  {8706: 4, 8693: 1, 8711: 2}  <-- LOW
    vyi -> 8704  purity=0.615 (n=13)  {8704: 8, 8709: 4, 8691: 1}  <-- LOW
    vQP -> 8795  purity=0.667 (n=3)  {8794: 1, 8795: 2}  <-- LOW
    vka -> 8780  purity=0.667 (n=3)  {8780: 2, 8774: 1}  <-- LOW
    vq! -> 8686  purity=0.667 (n=3)  {8735: 1, 8686: 2}  <-- LOW
    vta -> 8692  purity=0.667 (n=3)  {8691: 1, 8692: 2}  <-- LOW
    vwv -> 8697  purity=0.667 (n=3)  {8701: 1, 8697: 2}  <-- LOW
    vxp -> 8739  purity=0.667 (n=3)  {8834: 1, 8739: 2}  <-- LOW
    vyc -> 8705  purity=0.667 (n=3)  {8705: 2, 8710: 1}  <-- LOW
    vyv -> 8703  purity=0.667 (n=3)  {8695: 1, 8703: 2}  <-- LOW
    vvP -> 8711  purity=0.727 (n=11)  {8711: 8, 8693: 3}  <-- LOW
    vec -> 8788  purity=0.750 (n=8)  {8788: 6, 8790: 1, 8780: 1}  <-- LOW
    vkp -> 8782  purity=0.769 (n=13)  {8782: 10, 8790: 1, 8776: 1, 8778: 1}  <-- LOW
    vpa -> 8763  purity=0.771 (n=70)  {8763: 54, 8762: 11, 8765: 2, 8761: 1, 8686: 1, 8764: 1}  <-- LOW
    vkP -> 8781  purity=0.792 (n=24)  {8781: 19, 8789: 4, 8764: 1}  <-- LOW
    vki -> 8779  purity=0.810 (n=21)  {8779: 17, 8787: 3, 8792: 1}  <-- LOW
    vqa -> 8800  purity=0.870 (n=463)  {8800: 403, 8799: 29, 8804: 15, 8686: 1, 8735: 1, 8798: 6, 8714: 1, 8675: 1, 8802: 6}  <-- LOW
    vvi -> 8709  purity=0.871 (n=31)  {8709: 27, 8698: 3, 8735: 1}  <-- LOW
    vHc -> 8715  purity=0.875 (n=8)  {8715: 7, 8717: 1}  <-- LOW
    vvp -> 8712  purity=0.875 (n=8)  {8712: 7, 8694: 1}  <-- LOW
    vna -> 8736  purity=0.882 (n=34)  {8736: 30, 8735: 1, 8737: 2, 8738: 1}  <-- LOW
    veP -> 8789  purity=0.907 (n=43)  {8789: 39, 8802: 1, 8767: 1, 8781: 2}
    vew -> 8787  purity=0.917 (n=12)  {8787: 11, 8689: 1}
    vep -> 8790  purity=0.921 (n=38)  {8790: 35, 8765: 2, 8686: 1}
    vQp -> 8795  purity=0.925 (n=53)  {8795: 49, 8776: 2, 8738: 1, 8803: 1}
    vqP -> 8802  purity=0.933 (n=4574)  {8802: 4268, 8801: 186, 8803: 2, 8804: 65, 8761: 1, 8799: 28, 8800: 13, 8688: 6, 8689: 1, 8738: 1, 8798: 2, 8685: 1}
    vei -> 8787  purity=0.933 (n=45)  {8787: 42, 8766: 2, 8779: 1}
    vha -> 8687  purity=0.936 (n=156)  {8687: 146, 8686: 5, 8689: 4, 8685: 1}
    vnP -> 8737  purity=0.946 (n=725)  {8737: 686, 8804: 3, 8738: 33, 8736: 1, 8799: 1, 8762: 1}
    vHi -> 8714  purity=0.948 (n=115)  {8714: 109, 8689: 1, 8799: 2, 8686: 1, 8717: 2}
    vQi -> 8714  purity=0.955 (n=22)  {8714: 21, 8792: 1}
    vHp -> 8717  purity=0.968 (n=95)  {8717: 92, 8716: 1, 8689: 1, 8795: 1}
    vtP -> 8693  purity=0.972 (n=108)  {8693: 105, 8763: 1, 8794: 1, 8691: 1}
    vnp -> 8738  purity=0.972 (n=1299)  {8738: 1263, 8737: 19, 8799: 3, 8804: 2, 8765: 6, 8735: 2, 8736: 3, 8802: 1}
    vnv -> 8734  purity=0.972 (n=109)  {8734: 106, 8735: 2, 8736: 1}
    vhc -> 8687  purity=0.974 (n=879)  {8687: 856, 8689: 13, 8804: 1, 8686: 4, 8735: 1, 8800: 3, 8763: 1}
    vqs -> 8803  purity=0.975 (n=854)  {8803: 833, 8804: 2, 8799: 2, 8798: 1, 8802: 7, 8801: 5, 8795: 1, 8800: 2, 8735: 1}
    vPp -> 8795  purity=0.976 (n=126)  {8795: 123, 8802: 1, 8794: 2}
    vHP -> 8716  purity=0.978 (n=92)  {8716: 90, 8717: 1, 8799: 1}
    vtw -> 8691  purity=0.979 (n=140)  {8691: 137, 8694: 1, 8675: 1, 8735: 1}
    vqv -> 8798  purity=0.980 (n=2421)  {8798: 2372, 8799: 14, 8804: 7, 8800: 13, 8802: 4, 8689: 1, 8762: 1, 8761: 4, 8765: 1, 8738: 1, 8688: 1, 8690: 1, 8691: 1}
    vqc -> 8800  purity=0.980 (n=3872)  {8800: 3794, 8804: 34, 8799: 23, 8798: 2, 8763: 2, 8802: 11, 8689: 1, 8687: 1, 8765: 1, 8801: 1, 8779: 1, 8692: 1}
    vpc -> 8763  purity=0.980 (n=657)  {8763: 644, 8765: 2, 8800: 3, 8689: 1, 8687: 2, 8762: 2, 8693: 1, 8764: 1, 8799: 1}
    vhi -> 8686  purity=0.980 (n=1996)  {8686: 1957, 8800: 1, 8688: 4, 8685: 1, 8689: 5, 8804: 1, 8687: 7, 8799: 14, 8763: 1, 8738: 1, 8762: 1, 8802: 3}
    vhv -> 8685  purity=0.981 (n=630)  {8685: 618, 8689: 4, 8713: 1, 8687: 5, 8688: 1, 8802: 1}
    vqi -> 8799  purity=0.982 (n=8496)  {8799: 8340, 8735: 23, 8686: 22, 8800: 37, 8798: 7, 8804: 28, 8802: 23, 8689: 1, 8801: 2, 8810: 1, 8762: 3, 8738: 1, 8792: 1, 8675: 1, 8765: 1, 8691: 3, 8737: 1, 8763: 1}
    vtv -> 8690  purity=0.982 (n=56)  {8690: 55, 8798: 1}
    vpi -> 8762  purity=0.982 (n=1247)  {8762: 1225, 8764: 3, 8763: 10, 8765: 7, 8761: 1, 8737: 1}
    vhP -> 8688  purity=0.983 (n=695)  {8688: 683, 8686: 4, 8689: 3, 8716: 1, 8800: 2, 8802: 1, 8798: 1}
    vtp -> 8694  purity=0.985 (n=130)  {8694: 128, 8691: 1, 8690: 1}
    vhp -> 8689  purity=0.985 (n=2439)  {8689: 2403, 8765: 4, 8804: 3, 8798: 2, 8799: 3, 8687: 10, 8686: 3, 8688: 2, 8800: 3, 8762: 1, 8802: 1, 8736: 1, 8737: 1, 8685: 1, 8735: 1}
    vni -> 8735  purity=0.985 (n=1020)  {8735: 1005, 8804: 4, 8799: 3, 8800: 1, 8736: 2, 8738: 2, 8802: 1, 8734: 1, 8798: 1}
    vhw -> 8686  purity=0.986 (n=1665)  {8686: 1641, 8799: 14, 8804: 2, 8688: 3, 8689: 4, 8802: 1}
    vqp -> 8804  purity=0.986 (n=11855)  {8804: 11688, 8800: 42, 8799: 41, 8802: 56, 8735: 2, 8737: 2, 8689: 1, 8798: 4, 8803: 2, 8676: 2, 8686: 2, 8738: 4, 8801: 3, 8736: 1, 8773: 3, 8764: 1, 8675: 1}
    vPP -> 8794  purity=0.987 (n=159)  {8794: 157, 8795: 1, 8716: 1}
    vpP -> 8764  purity=0.988 (n=605)  {8764: 598, 8762: 3, 8763: 2, 8687: 1, 8804: 1}
    vtc -> 8692  purity=0.989 (n=91)  {8692: 90, 8690: 1}
    vnc -> 8736  purity=0.989 (n=187)  {8736: 185, 8689: 1, 8738: 1}
    vqw -> 8799  purity=0.990 (n=10026)  {8799: 9930, 8735: 16, 8800: 29, 8804: 24, 8686: 8, 8762: 2, 8689: 2, 8802: 8, 8803: 2, 8690: 1, 8675: 1, 8798: 3}
    vti -> 8691  purity=0.991 (n=219)  {8691: 217, 8692: 1, 8799: 1}
    vpp -> 8765  purity=0.991 (n=1928)  {8765: 1911, 8762: 7, 8763: 8, 8764: 1, 8766: 1}
    vpv -> 8761  purity=0.992 (n=380)  {8761: 377, 8802: 1, 8738: 1, 8763: 1}
    vpw -> 8762  purity=0.993 (n=913)  {8762: 907, 8765: 3, 8692: 1, 8800: 1, 8763: 1}
    vnw -> 8735  purity=0.998 (n=427)  {8735: 426, 8734: 1}
  wrote morph_bridge.json
